// Jest Snapshot v1, https://goo.gl/fbAQLP

exports[`Sidebar component should match snapshot 1`] = `
<Drawer
  disableSwipeToOpen={false}
  docked={false}
  onRequestChange={[Function]}
  open={null}
  openSecondary={false}
  swipeAreaWidth={30}
  width={400}
  zDepth={2}
>
  <AppBar
    iconElementLeft={
      <IconButton
        disableTouchRipple={false}
        disabled={false}
        iconStyle={Object {}}
        tooltipPosition="bottom-center"
        touch={false}
      >
        <NavigationClose />
      </IconButton>
    }
    onLeftIconButtonTouchTap={[Function]}
    showMenuIconButton={true}
    title="Projects"
    zDepth={1}
  />
  <MenuItem
    anchorOrigin={
      Object {
        "horizontal": "right",
        "vertical": "top",
      }
    }
    checked={false}
    desktop={false}
    disabled={false}
    focusState="none"
    insetChildren={false}
    onTouchTap={[Function]}
    targetOrigin={
      Object {
        "horizontal": "left",
        "vertical": "top",
      }
    }
  >
    + New Project
  </MenuItem>
  <MenuItem
    anchorOrigin={
      Object {
        "horizontal": "right",
        "vertical": "top",
      }
    }
    checked={false}
    desktop={false}
    disabled={false}
    focusState="none"
    insetChildren={false}
    onTouchTap={[Function]}
    targetOrigin={
      Object {
        "horizontal": "left",
        "vertical": "top",
      }
    }
  >
    default
  </MenuItem>
</Drawer>
`;
